// Jest Snapshot v1, https://goo.gl/fbAQLP

exports[`<PostsScreen /> rendering PostsScreen screen renders correctly 1`] = `
<RCTScrollView
  ListEmptyComponent={
    <View
      style={
        {
          "alignItems": "center",
          "flex": 1,
          "justifyContent": "center",
        }
      }
    >
      <BoldText>
        No data found!
      </BoldText>
    </View>
  }
  contentContainerStyle={
    {
      "backgroundColor": "#343434",
      "minHeight": "100%",
      "paddingBottom": 20,
    }
  }
  data={[]}
  getItem={[Function]}
  getItemCount={[Function]}
  keyExtractor={[Function]}
  onContentSizeChange={[Function]}
  onLayout={[Function]}
  onMomentumScrollBegin={[Function]}
  onMomentumScrollEnd={[Function]}
  onScroll={[Function]}
  onScrollBeginDrag={[Function]}
  onScrollEndDrag={[Function]}
  removeClippedSubviews={false}
  renderItem={[Function]}
  scrollEventThrottle={50}
  stickyHeaderIndices={[]}
  testID="lstPosts"
  viewabilityConfigCallbackPairs={[]}
>
  <View>
    <View
      onLayout={[Function]}
      style={
        {
          "alignItems": "center",
          "flex": 1,
          "justifyContent": "center",
        }
      }
    >
      <Text
        style={
          {
            "fontSize": 14,
            "fontWeight": "bold",
          }
        }
      >
        No data found!
      </Text>
    </View>
  </View>
</RCTScrollView>
`;
